#0 building with "desktop-linux" instance using docker driver

#1 [internal] load remote build context
#1 DONE 1.2s

#1 [internal] load remote build context
#1 DONE 1.2s

#2 copy /context /
#2 DONE 0.4s

#3 [internal] load metadata for docker.io/library/python:3.12-slim-bookworm
#3 ...

#4 [internal] load metadata for docker.io/library/node:22-bookworm-slim
#4 DONE 1.6s

#3 [internal] load metadata for docker.io/library/python:3.12-slim-bookworm
#3 DONE 1.6s

#5 [internal] load metadata for docker.io/library/golang:1.25-bookworm
#5 DONE 1.7s

#6 [internal] load metadata for docker.io/library/debian:bookworm-slim
#6 DONE 2.0s

#7 [ner-model 1/3] FROM docker.io/library/debian:bookworm-slim@sha256:88200866dfff7ea7f5cbcb6ec7c8a701889efe6fe859fe64d6990e4b07ea4171
#7 DONE 0.0s

#8 [go-builder 1/7] FROM docker.io/library/golang:1.25-bookworm@sha256:3b4a11519ad929d1e1d261a12cff056f0c85b735253d7d861346b9c6f8b36437
#8 DONE 0.0s

#9 [node-deps 1/6] FROM docker.io/library/node:22-bookworm-slim@sha256:83f487e0a63425e5b4d146fb5e5be574bcbe1b7b843d3ebafdd95eaf7767a7e5
#9 DONE 0.0s

#10 [py-deps 1/4] FROM docker.io/library/python:3.12-slim-bookworm@sha256:782412e85d0f0984994c290652577d4018aff08145c85b262bb63dc0c7522254
#10 DONE 0.0s

#11 [py-deps 2/4] WORKDIR /build
#11 CACHED

#12 [py-deps 3/4] COPY pyproject.toml ./
#12 CACHED

#13 [py-deps 4/4] RUN python -c "import tomllib; deps = tomllib.load(open('pyproject.toml', 'rb'))['project']['dependencies']; open('requirements.txt', 'w').write('\n'.join(deps))"     && python -m venv /venv     && /venv/bin/pip install --no-cache-dir --retries 10 --timeout 60         -i "https://pypi.tuna.tsinghua.edu.cn/simple" -r requirements.txt
#13 CACHED

#14 [spec-export 1/3] WORKDIR /build
#14 CACHED

#15 [stage-9  4/26] COPY docker/subtitle-smoke-test.sh /usr/local/bin/movieclaw-subtitle-smoke-test
#15 CACHED

#16 [seconv-dist 2/3] RUN if [ -n "mirrors.tuna.tsinghua.edu.cn" ]; then         sed -i "s|deb.debian.org|mirrors.tuna.tsinghua.edu.cn|g" /etc/apt/sources.list.d/debian.sources;     fi     && apt-get update     && apt-get install -y --no-install-recommends curl ca-certificates     && rm -rf /var/lib/apt/lists/*
#16 CACHED

#17 [stage-9  6/26] COPY --from=node-dist /usr/local/bin/node /usr/local/bin/node
#17 CACHED

#18 [stage-9  2/26] RUN if [ -n "mirrors.tuna.tsinghua.edu.cn" ]; then         sed -i "s|deb.debian.org|mirrors.tuna.tsinghua.edu.cn|g" /etc/apt/sources.list.d/debian.sources;     fi     && apt-get update     && apt-get install -y --no-install-recommends curl ca-certificates gnupg     && install -d -m 0755 /etc/apt/keyrings     && { curl -fsSL --retry 3 -o /tmp/jellyfin_team.gpg.key "https://repo.jellyfin.org/jellyfin_team.gpg.key"         || curl -fsSL --retry 3 -o /tmp/jellyfin_team.gpg.key https://repo.jellyfin.org/jellyfin_team.gpg.key; }     && gpg --dearmor -o /etc/apt/keyrings/jellyfin.gpg < /tmp/jellyfin_team.gpg.key     && rm /tmp/jellyfin_team.gpg.key     && echo "deb [signed-by=/etc/apt/keyrings/jellyfin.gpg] https://repo.jellyfin.org/debian bookworm main"         > /etc/apt/sources.list.d/jellyfin.list     && apt-get update     && apt-get install -y --no-install-recommends         libstdc++6 jellyfin-ffmpeg7 fontconfig fonts-dejavu-core libicu72 nginx         tesseract-ocr         tesseract-ocr-eng tesseract-ocr-chi-sim tesseract-ocr-chi-tra         tesseract-ocr-jpn tesseract-ocr-kor         tesseract-ocr-fra tesseract-ocr-deu tesseract-ocr-spa         tesseract-ocr-ita tesseract-ocr-por tesseract-ocr-rus     && rm -rf /var/lib/apt/lists/*
#18 CACHED

#19 [stage-9  3/26] COPY --from=seconv-dist /out /opt/movieclaw/seconv
#19 CACHED

#20 [stage-9  7/26] WORKDIR /app
#20 CACHED

#21 [stage-9  5/26] RUN chmod +x /usr/local/bin/movieclaw-subtitle-smoke-test     && /usr/local/bin/movieclaw-subtitle-smoke-test
#21 CACHED

#22 [seconv-dist 3/3] RUN case "amd64" in         amd64) SECONV_ARCH=x64; SECONV_SHA=3354dfeb4452b0dd8a11d8f3066c31a3116e2cbc137f271ac6b7e4f91896ba11 ;;         arm64) SECONV_ARCH=ARM64; SECONV_SHA=ab58891abd54a1604fdf5956c340159bd2efbcaef8cf2c69d97fcc55b83b4718 ;;         *) echo "不支持的 seconv 目标架构：amd64（仅 amd64/arm64）" >&2; exit 1 ;;     esac     && curl -fSL --retry 3 -o /tmp/seconv.tar.gz         "https://github.com/SubtitleEdit/subtitleedit/releases/download/v5.1.0/SeConv-Linux-$SECONV_ARCH.tar.gz"     && echo "$SECONV_SHA  /tmp/seconv.tar.gz" | sha256sum -c -     && mkdir -p /out     && tar -xzf /tmp/seconv.tar.gz -C /out     && chmod +x /out/seconv     && test -s /out/LICENSE
#22 CACHED

#23 [stage-9  8/26] COPY --from=py-deps /venv /venv
#23 CACHED

#24 [node-deps 3/6] WORKDIR /build
#24 CACHED

#25 [node-deps 2/6] RUN npm install -g pnpm@10
#25 CACHED

#26 [node-deps 4/6] COPY pnpm-workspace.yaml pnpm-lock.yaml package.json ./
#26 CACHED

#27 [node-deps 5/6] COPY apps ./apps
#27 ...

#28 [spec-export 2/3] COPY src ./src
#28 DONE 0.3s

#29 [stage-9  9/26] COPY src ./src
#29 DONE 0.4s

#27 [node-deps 5/6] COPY apps ./apps
#27 DONE 0.4s

#30 [stage-9 10/26] COPY alembic ./alembic
#30 DONE 0.1s

#31 [node-deps 6/6] RUN pnpm config set registry "https://registry.npmmirror.com" && pnpm install --frozen-lockfile
#31 ...

#32 [stage-9 11/26] COPY alembic.ini ./
#32 DONE 0.1s

#33 [spec-export 3/3] RUN PYTHONPATH=/build/src /venv/bin/python -m movieclaw_api.export_openapi -o /build/spec.json     && test -s /build/spec.json
#33 ...

#31 [node-deps 6/6] RUN pnpm config set registry "https://registry.npmmirror.com" && pnpm install --frozen-lockfile
#31 1.478 Scope: all 3 workspace projects
#31 1.546 Lockfile is up to date, resolution step is skipped
#31 1.600 Progress: resolved 1, reused 0, downloaded 0, added 0
#31 1.743 Packages: +832
#31 1.743 ++++++++++++++++++++++++++++++++++++++++++++++++++++++++++++++++++++++++++++++++
#31 2.285 
#31 2.285    ╭─────────────────────────────────────────╮
#31 2.285    │                                         │
#31 2.285    │   Update available! 10.34.5 → 12.4.2.   │
#31 2.285    │   Changelog: https://pnpm.io/v/12.4.2   │
#31 2.285    │    To update, run: pnpm add -g pnpm     │
#31 2.285    │                                         │
#31 2.285    ╰─────────────────────────────────────────╯
#31 2.285 
#31 2.601 Progress: resolved 832, reused 0, downloaded 0, added 0
#31 3.601 Progress: resolved 832, reused 0, downloaded 227, added 224
#31 4.601 Progress: resolved 832, reused 0, downloaded 511, added 510
#31 5.601 Progress: resolved 832, reused 0, downloaded 739, added 739
#31 6.601 Progress: resolved 832, reused 0, downloaded 826, added 828
#31 7.601 Progress: resolved 832, reused 0, downloaded 828, added 830
#31 8.715 Progress: resolved 832, reused 0, downloaded 829, added 830
#31 9.715 Progress: resolved 832, reused 0, downloaded 829, added 831
#31 ...

#33 [spec-export 3/3] RUN PYTHONPATH=/build/src /venv/bin/python -m movieclaw_api.export_openapi -o /build/spec.json     && test -s /build/spec.json
#33 12.89 已导出 OpenAPI spec：/build/spec.json（hash=dc6b1a0193d33e02）
#33 DONE 14.6s

#31 [node-deps 6/6] RUN pnpm config set registry "https://registry.npmmirror.com" && pnpm install --frozen-lockfile
#31 13.33 Progress: resolved 832, reused 0, downloaded 830, added 832, done
#31 13.72 .../node_modules/unrs-resolver postinstall$ napi-postinstall unrs-resolver 1.11.1 check
#31 13.74 .../sharp@0.34.5/node_modules/sharp install$ node install/check.js || npm run build
#31 13.76 .../esbuild@0.27.7/node_modules/esbuild postinstall$ node install.js
#31 13.79 .../node_modules/unrs-resolver postinstall: Done
#31 13.80 .../sharp@0.34.5/node_modules/sharp install: Done
#31 13.82 .../esbuild@0.27.7/node_modules/esbuild postinstall: Done
#31 14.00 
#31 14.02 apps/extension postinstall$ wxt prepare
#31 ...

#34 [go-builder 6/7] COPY --from=spec-export /build/spec.json ./internal/spec/data/spec.json
#34 CACHED

#35 [go-builder 2/7] WORKDIR /build
#35 CACHED

#36 [go-builder 4/7] RUN go mod download
#36 CACHED

#37 [go-builder 5/7] COPY cli ./
#37 CACHED

#38 [go-builder 3/7] COPY cli/go.mod cli/go.sum ./
#38 CACHED

#39 [go-builder 7/7] RUN CGO_ENABLED=0 GOOS=linux GOARCH=amd64         go build -trimpath -ldflags="-s -w" -o /out/mclaw ./cmd/mclaw     && if [ "$(go env GOHOSTARCH)" = "amd64" ]; then /out/mclaw --help > /dev/null; fi
#39 CACHED

#40 [stage-9 12/26] COPY --from=spec-export /build/spec.json ./src/movieclaw_api/data/spec.json
#40 DONE 0.1s

#41 [stage-9 13/26] COPY --from=go-builder /out/mclaw /usr/local/lib/movieclaw/mclaw
#41 DONE 0.1s

#31 [node-deps 6/6] RUN pnpm config set registry "https://registry.npmmirror.com" && pnpm install --frozen-lockfile
#31 14.61 apps/extension postinstall: WXT 0.20.27
#31 14.83 apps/extension postinstall: ℹ Generating types...
#31 14.94 apps/extension postinstall: ✔ Finished in 428 ms
#31 ...

#42 [stage-9 14/26] RUN ln -sfn /usr/local/lib/movieclaw/mclaw /usr/local/bin/mclaw
#42 DONE 0.3s

#31 [node-deps 6/6] RUN pnpm config set registry "https://registry.npmmirror.com" && pnpm install --frozen-lockfile
#31 15.00 apps/extension postinstall: Done
#31 15.08 Done in 13.8s using pnpm v10.34.5
#31 DONE 15.2s

#43 [ext-builder 1/1] RUN pnpm ext:zip     && mkdir -p /out     && cp "$(ls -t apps/extension/.output/*-chrome.zip | head -1)" /out/movieclaw-extension.zip
#43 0.490 
#43 0.490 > movieclaw-workspace@ ext:zip /build
#43 0.490 > pnpm --filter extension zip
#43 0.490 
#43 0.763 
#43 0.763 > extension@0.1.0 zip /build/apps/extension
#43 0.763 > wxt zip
#43 0.763 
#43 1.197 
#43 1.197 WXT 0.20.27
#43 1.318 ℹ Building chrome-mv3 for production with Vite 8.1.3
#43 1.419 - Preparing...
#43 1.560 [1G✔ Built extension in 241 ms
#43 1.562   ├─ .output/chrome-mv3/manifest.json              875 B  
#43 1.562   ├─ .output/chrome-mv3/popup.html                 2.9 kB 
#43 1.562   ├─ .output/chrome-mv3/background.js              3.46 kB
#43 1.562   ├─ .output/chrome-mv3/chunks/popup-DKlZJAq9.js   8.05 kB
#43 1.562   ├─ .output/chrome-mv3/assets/popup-DXp65_zs.css  6.52 kB
#43 1.562   └─ .output/chrome-mv3/movieclaw-marker.json      138 B  
#43 1.562 Σ Total size: 21.93 kB                           
#43 1.562 ℹ Zipping extension...
#43 1.582 ✔ Zipped extension in 20 ms
#43 1.582   └─ .output/extension-0.1.0-chrome.zip  9.77 kB
#43 1.582 Σ Total size: 9.77 kB                  
#43 1.582 ✔ Finished in 389 ms
#43 DONE 1.6s

#44 [web-builder 1/2] COPY --from=ext-builder /out/movieclaw-extension.zip apps/web/public/extension/movieclaw-extension.zip
#44 DONE 0.1s

#45 [web-builder 2/2] RUN pnpm web:build > /tmp/web-build.log 2>&1 || (cat /tmp/web-build.log; exit 1)
#45 DONE 65.5s

#46 [stage-9 15/26] COPY --from=web-builder /build/apps/web/.next/standalone ./web
#46 ...

#47 [ner-model 2/3] RUN if [ -n "mirrors.tuna.tsinghua.edu.cn" ]; then         sed -i "s|deb.debian.org|mirrors.tuna.tsinghua.edu.cn|g" /etc/apt/sources.list.d/debian.sources;     fi     && apt-get update     && apt-get install -y --no-install-recommends curl ca-certificates     && rm -rf /var/lib/apt/lists/*
#47 CACHED

#48 [ner-model 3/3] RUN mkdir -p /model     && cd /model     && curl -fSL --retry 3 -O "https://github.com/movieclaw/movieclaw/releases/download/torrent-ner-v3/model.int8.onnx"     && curl -fSL --retry 3 -O "https://github.com/movieclaw/movieclaw/releases/download/torrent-ner-v3/tokenizer.json"     && curl -fSL --retry 3 -O "https://github.com/movieclaw/movieclaw/releases/download/torrent-ner-v3/labels.json"     && NER_BASE_TRIMMED="https://github.com/movieclaw/movieclaw/releases/download/torrent-ner-v3"     && echo "${NER_BASE_TRIMMED##*/}" > /model/.release-tag
#48 CACHED

#46 [stage-9 15/26] COPY --from=web-builder /build/apps/web/.next/standalone ./web
#46 DONE 0.7s

#49 [stage-9 16/26] COPY --from=web-builder /build/apps/web/.next/static ./web/apps/web/.next/static
#49 DONE 0.1s

#50 [stage-9 17/26] COPY --from=web-builder /build/apps/web/public ./web/apps/web/public
#50 DONE 0.1s

#51 [stage-9 18/26] RUN rm -rf ./web/node_modules/.pnpm/@img* ./web/node_modules/.pnpm/sharp@*     ./web/node_modules/@img ./web/node_modules/sharp
#51 DONE 0.3s

#52 [stage-9 19/26] COPY --from=ner-model /model ./models/torrent-ner
#52 DONE 0.1s

#53 [stage-9 20/26] COPY docker/entrypoint.sh /entrypoint.sh
#53 DONE 0.0s

#54 [stage-9 21/26] COPY docker/resolve-web-port.sh /resolve-web-port.sh
#54 DONE 0.0s

#55 [stage-9 22/26] RUN chmod +x /entrypoint.sh /resolve-web-port.sh
#55 DONE 0.2s

#56 [stage-9 23/26] COPY docker/nginx.conf.template /etc/movieclaw/nginx.conf.template
#56 DONE 0.0s

#57 [stage-9 24/26] COPY docker/starting.html /usr/share/movieclaw/starting.html
#57 DONE 0.0s

#58 [stage-9 25/26] RUN mkdir -p /run/movieclaw     && sed -e "s|__WEB_PORT__|3000|g" -e "s|__ASSETS_DIR__|/usr/share/movieclaw|g"         /etc/movieclaw/nginx.conf.template > /run/movieclaw/nginx.conf     && nginx -t -c /run/movieclaw/nginx.conf
#58 0.276 nginx: the configuration file /run/movieclaw/nginx.conf syntax is ok
#58 0.281 nginx: configuration file /run/movieclaw/nginx.conf test is successful
#58 DONE 0.3s

#59 [stage-9 26/26] COPY docker/runtime-version /etc/movieclaw-runtime
#59 DONE 0.1s

#60 exporting to image
#60 exporting layers
#60 exporting layers 0.6s done
#60 writing image sha256:cbad4cc5431a07cb069ba835a89b6be4dfe194046f39f3365ecb93e61a35422f done
#60 naming to docker.io/library/movieclaw:v0.24.0-netflix.5 done
#60 DONE 0.6s

 [33m2 warnings found (use docker --debug to expand):
[0m - SecretsUsedInArgOrEnv: Do not use ARG or ENV instructions for sensitive data (ARG "TMDB_API_KEY") (line 296)
 - SecretsUsedInArgOrEnv: Do not use ARG or ENV instructions for sensitive data (ENV "TMDB_API_KEY") (line 297)
